{"type":"server-started","port":63317,"host":"127.0.0.1","url_host":"localhost","url":"http://localhost:63317","screen_dir":"/Users/shengxia/Documents/projects/obisdian-plugin/note-bar/.superpowers/brainstorm/90865-1778775253/content","state_dir":"/Users/shengxia/Documents/projects/obisdian-plugin/note-bar/.superpowers/brainstorm/90865-1778775253/state"}
{"type":"screen-added","file":"/Users/shengxia/Documents/projects/obisdian-plugin/note-bar/.superpowers/brainstorm/90865-1778775253/content/concept-layout.html"}
{"type":"screen-updated","file":"/Users/shengxia/Documents/projects/obisdian-plugin/note-bar/.superpowers/brainstorm/90865-1778775253/content/concept-layout.html"}
{"type":"screen-updated","file":"/Users/shengxia/Documents/projects/obisdian-plugin/note-bar/.superpowers/brainstorm/90865-1778775253/content/concept-layout.html"}
{"type":"screen-updated","file":"/Users/shengxia/Documents/projects/obisdian-plugin/note-bar/.superpowers/brainstorm/90865-1778775253/content/concept-layout.html"}
{"type":"screen-updated","file":"/Users/shengxia/Documents/projects/obisdian-plugin/note-bar/.superpowers/brainstorm/90865-1778775253/content/concept-layout.html"}
{"type":"screen-updated","file":"/Users/shengxia/Documents/projects/obisdian-plugin/note-bar/.superpowers/brainstorm/90865-1778775253/content/concept-layout.html"}
{"type":"screen-updated","file":"/Users/shengxia/Documents/projects/obisdian-plugin/note-bar/.superpowers/brainstorm/90865-1778775253/content/concept-layout.html"}
{"type":"screen-updated","file":"/Users/shengxia/Documents/projects/obisdian-plugin/note-bar/.superpowers/brainstorm/90865-1778775253/content/concept-layout.html"}
{"type":"screen-updated","file":"/Users/shengxia/Documents/projects/obisdian-plugin/note-bar/.superpowers/brainstorm/90865-1778775253/content/concept-layout.html"}
{"type":"screen-updated","file":"/Users/shengxia/Documents/projects/obisdian-plugin/note-bar/.superpowers/brainstorm/90865-1778775253/content/concept-layout.html"}
{"type":"screen-updated","file":"/Users/shengxia/Documents/projects/obisdian-plugin/note-bar/.superpowers/brainstorm/90865-1778775253/content/concept-layout.html"}
{"type":"screen-updated","file":"/Users/shengxia/Documents/projects/obisdian-plugin/note-bar/.superpowers/brainstorm/90865-1778775253/content/concept-layout.html"}
{"type":"screen-updated","file":"/Users/shengxia/Documents/projects/obisdian-plugin/note-bar/.superpowers/brainstorm/90865-1778775253/content/concept-layout.html"}
{"type":"screen-updated","file":"/Users/shengxia/Documents/projects/obisdian-plugin/note-bar/.superpowers/brainstorm/90865-1778775253/content/concept-layout.html"}
{"type":"screen-updated","file":"/Users/shengxia/Documents/projects/obisdian-plugin/note-bar/.superpowers/brainstorm/90865-1778775253/content/concept-layout.html"}
{"type":"screen-updated","file":"/Users/shengxia/Documents/projects/obisdian-plugin/note-bar/.superpowers/brainstorm/90865-1778775253/content/concept-layout.html"}
{"type":"screen-updated","file":"/Users/shengxia/Documents/projects/obisdian-plugin/note-bar/.superpowers/brainstorm/90865-1778775253/content/concept-layout.html"}
{"type":"screen-updated","file":"/Users/shengxia/Documents/projects/obisdian-plugin/note-bar/.superpowers/brainstorm/90865-1778775253/content/concept-layout.html"}
{"type":"screen-updated","file":"/Users/shengxia/Documents/projects/obisdian-plugin/note-bar/.superpowers/brainstorm/90865-1778775253/content/concept-layout.html"}
{"type":"screen-updated","file":"/Users/shengxia/Documents/projects/obisdian-plugin/note-bar/.superpowers/brainstorm/90865-1778775253/content/concept-layout.html"}
{"type":"screen-updated","file":"/Users/shengxia/Documents/projects/obisdian-plugin/note-bar/.superpowers/brainstorm/90865-1778775253/content/concept-layout.html"}
{"type":"screen-updated","file":"/Users/shengxia/Documents/projects/obisdian-plugin/note-bar/.superpowers/brainstorm/90865-1778775253/content/concept-layout.html"}
{"type":"screen-updated","file":"/Users/shengxia/Documents/projects/obisdian-plugin/note-bar/.superpowers/brainstorm/90865-1778775253/content/concept-layout.html"}
{"type":"screen-updated","file":"/Users/shengxia/Documents/projects/obisdian-plugin/note-bar/.superpowers/brainstorm/90865-1778775253/content/concept-layout.html"}
{"type":"screen-updated","file":"/Users/shengxia/Documents/projects/obisdian-plugin/note-bar/.superpowers/brainstorm/90865-1778775253/content/concept-layout.html"}
{"type":"screen-updated","file":"/Users/shengxia/Documents/projects/obisdian-plugin/note-bar/.superpowers/brainstorm/90865-1778775253/content/concept-layout.html"}
{"source":"user-event","type":"click","text":"① 样式下拉菜单 (Style Dropdown)\n        选项：正文、H1、H2、H3、H4-6、有序列表、无序列表、任务、代码块、引用、高亮块\n        类似飞书的「正文/标题」切换器，选中后自动转换行格式。","choice":"style-context","id":null,"timestamp":1778775293299}
{"source":"user-event","type":"click","text":"✓\n    \n      这个布局方向符合预期，继续详细设计\n      整体布局和功能分区没问题，可以进入下一步","choice":"proceed","id":null,"timestamp":1778775299634}
{"source":"user-event","type":"click","text":"✓\n    \n      这个布局方向符合预期，继续详细设计\n      整体布局和功能分区没问题，可以进入下一步","choice":"proceed","id":null,"timestamp":1778775300500}
{"source":"user-event","type":"click","text":"✓\n    \n      这个布局方向符合预期，继续详细设计\n      整体布局和功能分区没问题，可以进入下一步","choice":"proceed","id":null,"timestamp":1778775301850}
{"source":"user-event","type":"click","text":"✎\n    \n      需要调整一些细节\n      某些功能或布局需要修改，请继续提问","choice":"adjust","id":null,"timestamp":1778775304134}
{"source":"user-event","type":"click","text":"③ 格式按钮组 (Format Buttons)\n        按钮：加粗(B)、删除线(S)、斜体(I)、下划线(U)、超链接(🔗)、高亮(∏)\n        快速应用内联文本格式。","choice":"format-buttons","id":null,"timestamp":1778775335968}
{"type":"screen-added","file":"/Users/shengxia/Documents/projects/obisdian-plugin/note-bar/.superpowers/brainstorm/90865-1778775253/content/highlight-colors.html"}
{"type":"screen-updated","file":"/Users/shengxia/Documents/projects/obisdian-plugin/note-bar/.superpowers/brainstorm/90865-1778775253/content/highlight-colors.html"}
{"type":"screen-updated","file":"/Users/shengxia/Documents/projects/obisdian-plugin/note-bar/.superpowers/brainstorm/90865-1778775253/content/highlight-colors.html"}
{"type":"screen-updated","file":"/Users/shengxia/Documents/projects/obisdian-plugin/note-bar/.superpowers/brainstorm/90865-1778775253/content/highlight-colors.html"}
{"type":"screen-updated","file":"/Users/shengxia/Documents/projects/obisdian-plugin/note-bar/.superpowers/brainstorm/90865-1778775253/content/highlight-colors.html"}
{"type":"screen-updated","file":"/Users/shengxia/Documents/projects/obisdian-plugin/note-bar/.superpowers/brainstorm/90865-1778775253/content/highlight-colors.html"}
{"type":"screen-updated","file":"/Users/shengxia/Documents/projects/obisdian-plugin/note-bar/.superpowers/brainstorm/90865-1778775253/content/highlight-colors.html"}
{"type":"screen-updated","file":"/Users/shengxia/Documents/projects/obisdian-plugin/note-bar/.superpowers/brainstorm/90865-1778775253/content/highlight-colors.html"}
{"type":"screen-updated","file":"/Users/shengxia/Documents/projects/obisdian-plugin/note-bar/.superpowers/brainstorm/90865-1778775253/content/highlight-colors.html"}
{"type":"screen-updated","file":"/Users/shengxia/Documents/projects/obisdian-plugin/note-bar/.superpowers/brainstorm/90865-1778775253/content/highlight-colors.html"}
{"type":"screen-updated","file":"/Users/shengxia/Documents/projects/obisdian-plugin/note-bar/.superpowers/brainstorm/90865-1778775253/content/highlight-colors.html"}
{"type":"screen-updated","file":"/Users/shengxia/Documents/projects/obisdian-plugin/note-bar/.superpowers/brainstorm/90865-1778775253/content/highlight-colors.html"}
{"type":"screen-updated","file":"/Users/shengxia/Documents/projects/obisdian-plugin/note-bar/.superpowers/brainstorm/90865-1778775253/content/highlight-colors.html"}
{"type":"screen-updated","file":"/Users/shengxia/Documents/projects/obisdian-plugin/note-bar/.superpowers/brainstorm/90865-1778775253/content/highlight-colors.html"}
{"type":"screen-updated","file":"/Users/shengxia/Documents/projects/obisdian-plugin/note-bar/.superpowers/brainstorm/90865-1778775253/content/highlight-colors.html"}
{"type":"screen-updated","file":"/Users/shengxia/Documents/projects/obisdian-plugin/note-bar/.superpowers/brainstorm/90865-1778775253/content/highlight-colors.html"}
{"type":"screen-updated","file":"/Users/shengxia/Documents/projects/obisdian-plugin/note-bar/.superpowers/brainstorm/90865-1778775253/content/highlight-colors.html"}
{"type":"screen-updated","file":"/Users/shengxia/Documents/projects/obisdian-plugin/note-bar/.superpowers/brainstorm/90865-1778775253/content/highlight-colors.html"}
{"type":"screen-updated","file":"/Users/shengxia/Documents/projects/obisdian-plugin/note-bar/.superpowers/brainstorm/90865-1778775253/content/highlight-colors.html"}
{"type":"screen-updated","file":"/Users/shengxia/Documents/projects/obisdian-plugin/note-bar/.superpowers/brainstorm/90865-1778775253/content/highlight-colors.html"}
{"type":"screen-updated","file":"/Users/shengxia/Documents/projects/obisdian-plugin/note-bar/.superpowers/brainstorm/90865-1778775253/content/highlight-colors.html"}
{"type":"screen-updated","file":"/Users/shengxia/Documents/projects/obisdian-plugin/note-bar/.superpowers/brainstorm/90865-1778775253/content/highlight-colors.html"}
{"type":"screen-updated","file":"/Users/shengxia/Documents/projects/obisdian-plugin/note-bar/.superpowers/brainstorm/90865-1778775253/content/highlight-colors.html"}
{"type":"screen-updated","file":"/Users/shengxia/Documents/projects/obisdian-plugin/note-bar/.superpowers/brainstorm/90865-1778775253/content/highlight-colors.html"}
{"type":"screen-updated","file":"/Users/shengxia/Documents/projects/obisdian-plugin/note-bar/.superpowers/brainstorm/90865-1778775253/content/highlight-colors.html"}
{"type":"screen-updated","file":"/Users/shengxia/Documents/projects/obisdian-plugin/note-bar/.superpowers/brainstorm/90865-1778775253/content/highlight-colors.html"}
{"type":"screen-updated","file":"/Users/shengxia/Documents/projects/obisdian-plugin/note-bar/.superpowers/brainstorm/90865-1778775253/content/highlight-colors.html"}
{"type":"screen-updated","file":"/Users/shengxia/Documents/projects/obisdian-plugin/note-bar/.superpowers/brainstorm/90865-1778775253/content/highlight-colors.html"}
{"type":"screen-updated","file":"/Users/shengxia/Documents/projects/obisdian-plugin/note-bar/.superpowers/brainstorm/90865-1778775253/content/highlight-colors.html"}
{"type":"screen-updated","file":"/Users/shengxia/Documents/projects/obisdian-plugin/note-bar/.superpowers/brainstorm/90865-1778775253/content/highlight-colors.html"}
{"type":"screen-updated","file":"/Users/shengxia/Documents/projects/obisdian-plugin/note-bar/.superpowers/brainstorm/90865-1778775253/content/highlight-colors.html"}
{"type":"screen-updated","file":"/Users/shengxia/Documents/projects/obisdian-plugin/note-bar/.superpowers/brainstorm/90865-1778775253/content/highlight-colors.html"}
{"type":"screen-updated","file":"/Users/shengxia/Documents/projects/obisdian-plugin/note-bar/.superpowers/brainstorm/90865-1778775253/content/highlight-colors.html"}
{"type":"screen-updated","file":"/Users/shengxia/Documents/projects/obisdian-plugin/note-bar/.superpowers/brainstorm/90865-1778775253/content/highlight-colors.html"}
{"type":"screen-updated","file":"/Users/shengxia/Documents/projects/obisdian-plugin/note-bar/.superpowers/brainstorm/90865-1778775253/content/highlight-colors.html"}
{"type":"screen-updated","file":"/Users/shengxia/Documents/projects/obisdian-plugin/note-bar/.superpowers/brainstorm/90865-1778775253/content/highlight-colors.html"}
{"type":"screen-updated","file":"/Users/shengxia/Documents/projects/obisdian-plugin/note-bar/.superpowers/brainstorm/90865-1778775253/content/highlight-colors.html"}
{"type":"screen-updated","file":"/Users/shengxia/Documents/projects/obisdian-plugin/note-bar/.superpowers/brainstorm/90865-1778775253/content/highlight-colors.html"}
{"type":"screen-updated","file":"/Users/shengxia/Documents/projects/obisdian-plugin/note-bar/.superpowers/brainstorm/90865-1778775253/content/highlight-colors.html"}
{"type":"screen-updated","file":"/Users/shengxia/Documents/projects/obisdian-plugin/note-bar/.superpowers/brainstorm/90865-1778775253/content/highlight-colors.html"}
{"type":"screen-updated","file":"/Users/shengxia/Documents/projects/obisdian-plugin/note-bar/.superpowers/brainstorm/90865-1778775253/content/highlight-colors.html"}
{"type":"screen-updated","file":"/Users/shengxia/Documents/projects/obisdian-plugin/note-bar/.superpowers/brainstorm/90865-1778775253/content/highlight-colors.html"}
{"type":"screen-updated","file":"/Users/shengxia/Documents/projects/obisdian-plugin/note-bar/.superpowers/brainstorm/90865-1778775253/content/highlight-colors.html"}
{"type":"screen-updated","file":"/Users/shengxia/Documents/projects/obisdian-plugin/note-bar/.superpowers/brainstorm/90865-1778775253/content/highlight-colors.html"}
{"type":"screen-updated","file":"/Users/shengxia/Documents/projects/obisdian-plugin/note-bar/.superpowers/brainstorm/90865-1778775253/content/highlight-colors.html"}
{"type":"screen-updated","file":"/Users/shengxia/Documents/projects/obisdian-plugin/note-bar/.superpowers/brainstorm/90865-1778775253/content/highlight-colors.html"}
{"type":"screen-updated","file":"/Users/shengxia/Documents/projects/obisdian-plugin/note-bar/.superpowers/brainstorm/90865-1778775253/content/highlight-colors.html"}
{"type":"screen-updated","file":"/Users/shengxia/Documents/projects/obisdian-plugin/note-bar/.superpowers/brainstorm/90865-1778775253/content/highlight-colors.html"}
{"type":"screen-updated","file":"/Users/shengxia/Documents/projects/obisdian-plugin/note-bar/.superpowers/brainstorm/90865-1778775253/content/highlight-colors.html"}
{"type":"screen-updated","file":"/Users/shengxia/Documents/projects/obisdian-plugin/note-bar/.superpowers/brainstorm/90865-1778775253/content/highlight-colors.html"}
{"type":"screen-updated","file":"/Users/shengxia/Documents/projects/obisdian-plugin/note-bar/.superpowers/brainstorm/90865-1778775253/content/highlight-colors.html"}
{"type":"screen-added","file":"/Users/shengxia/Documents/projects/obisdian-plugin/note-bar/.superpowers/brainstorm/90865-1778775253/content/dismiss-rules.html"}
{"source":"user-event","type":"click","text":"✓\n    \n      规则明确，继续\n      消失规则已确认，可以进入后续设计","choice":"approve","id":null,"timestamp":1778775552911}
{"source":"user-event","type":"click","text":"✎\n    \n      还有补充\n      还有一些场景需要调整消失规则","choice":"adjust","id":null,"timestamp":1778775554544}
{"source":"user-event","type":"click","text":"✎\n    \n      还有补充\n      还有一些场景需要调整消失规则","choice":"adjust","id":null,"timestamp":1778775558927}
{"source":"user-event","type":"click","text":"✎\n    \n      还有补充\n      还有一些场景需要调整消失规则","choice":"adjust","id":null,"timestamp":1778775559093}
{"type":"screen-added","file":"/Users/shengxia/Documents/projects/obisdian-plugin/note-bar/.superpowers/brainstorm/90865-1778775253/content/frosted-glass.html"}
{"type":"server-stopped","reason":"idle timeout"}
